// Jest Snapshot v1, https://goo.gl/fbAQLP

exports[`should read the lorem db: pg 1`] = `
Array [
  Object {
    "id": 1,
    "text": "Lorem ipsum dolor sit amet, consectetur adipisicing elit",
  },
]
`;
