// Jest Snapshot v1, https://goo.gl/fbAQLP

exports[`should read the lorem db 1`] = `
Array [
  Object {
    "index": 1,
    "is_locked": 0,
  },
]
`;
